******************************************************************************
                  TI ARM Linker Unix v20.2.2                   
******************************************************************************
>> Linked Wed Nov 17 01:48:36 2021

OUTPUT FILE NAME:   <CSE4354Project.out>
ENTRY POINT SYMBOL: "_c_int00_noargs"  address: 00002d4d


MEMORY CONFIGURATION

         name            origin    length      used     unused   attr    fill
----------------------  --------  ---------  --------  --------  ----  --------
  FLASH                 00000000   00040000  00002efe  0003d102  R  X
  SRAM                  20000000   00001400  000012cd  00000133  RW X


SEGMENT ALLOCATION MAP

run origin  load origin   length   init length attrs members
----------  ----------- ---------- ----------- ----- -------
00000000    00000000    00002f00   00002f00    r-x
  00000000    00000000    0000026c   0000026c    r-- .intvecs
  0000026c    0000026c    00002b86   00002b86    r-x .text
  00002df2    00002df2    000000d4   000000d4    r-- .const
  00002ec8    00002ec8    00000038   00000038    r-- .cinit
20000000    20000000    000012d0   00000000    rw-
  20000000    20000000    00001000   00000000    rw- .stack
  20001000    20001000    000002c1   00000000    rw- .bss
  200012c4    200012c4    0000000c   00000000    rw- .data


SECTION ALLOCATION MAP

 output                                  attributes/
section   page    origin      length       input sections
--------  ----  ----------  ----------   ----------------
.intvecs   0    00000000    0000026c     
                  00000000    0000026c     tm4c123gh6pm_startup_ccs.obj (.intvecs)

.text      0    0000026c    00002b86     
                  0000026c    000013d8     rtos.obj (.text)
                  00001644    000007c0     gpio.obj (.text)
                  00001e04    00000618     shell.obj (.text)
                  0000241c    00000484     helperFunctions.obj (.text)
                  000028a0    00000184     uart0.obj (.text)
                  00002a24    0000014c     kernel.obj (.text)
                  00002b70    0000009c     rtsv7M4_T_le_v4SPD16_eabi.lib : memcpy_t2.asm.obj (.text)
                  00002c0c    00000094     assemblyFunctions.obj (.text)
                  00002ca0    00000068     rtsv7M4_T_le_v4SPD16_eabi.lib : copy_decompress_lzss.c.obj (.text:decompress:lzss:__TI_decompress_lzss)
                  00002d08    00000044                                   : autoinit.c.obj (.text:__TI_auto_init_nobinit_nopinit:__TI_auto_init_nobinit_nopinit)
                  00002d4c    00000034                                   : boot_cortex_m.c.obj (.text:_c_int00_noargs:_c_int00_noargs)
                  00002d80    00000024     wait.obj (.text)
                  00002da4    0000001c     rtsv7M4_T_le_v4SPD16_eabi.lib : copy_zero_init.c.obj (.text:decompress:ZI:__TI_zero_init_nomemset:__TI_zero_init_nomemset)
                  00002dc0    00000010     clock.obj (.text)
                  00002dd0    0000000e     rtsv7M4_T_le_v4SPD16_eabi.lib : copy_decompress_none.c.obj (.text:decompress:none:__TI_decompress_none)
                  00002dde    0000000c     tm4c123gh6pm_startup_ccs.obj (.text)
                  00002dea    00000004     rtsv7M4_T_le_v4SPD16_eabi.lib : pre_init.c.obj (.text:_system_pre_init)
                  00002dee    00000004                                   : exit.c.obj (.text:abort:abort)

.const     0    00002df2    000000d4     
                  00002df2    00000064     shell.obj (.const:$P$T1$2)
                  00002e56    00000050     shell.obj (.const:$P$T0$1)
                  00002ea6    00000010     helperFunctions.obj (.const:.string:$P$T0$1)
                  00002eb6    00000010     helperFunctions.obj (.const:.string:$P$T1$2)

.cinit     0    00002ec8    00000038     
                  00002ec8    00000011     (.cinit..data.load) [load image, compression = lzss]
                  00002ed9    00000003     --HOLE-- [fill = 0]
                  00002edc    0000000c     (__TI_handler_table)
                  00002ee8    00000008     (.cinit..bss.load) [load image, compression = zero_init]
                  00002ef0    00000010     (__TI_cinit_table)

.init_array 
*          0    00000000    00000000     UNINITIALIZED

.bss       0    20001000    000002c1     UNINITIALIZED
                  20001000    00000240     (.common:tcb)
                  20001240    00000078     (.common:semaphores)
                  200012b8    00000008     (.common:priorityStartIndices)
                  200012c0    00000001     (.common:priorityIndex)

.data      0    200012c4    0000000c     UNINITIALIZED
                  200012c4    0000000c     rtos.obj (.data)

.stack     0    20000000    00001000     UNINITIALIZED
                  20000000    00000004     rtsv7M4_T_le_v4SPD16_eabi.lib : boot_cortex_m.c.obj (.stack)
                  20000004    00000ffc     --HOLE--

__llvm_prf_cnts 
*          0    20000000    00000000     UNINITIALIZED

MODULE SUMMARY

       Module                         code    ro data   rw data
       ------                         ----    -------   -------
    ./
       rtos.obj                       5080    0         717    
       gpio.obj                       1984    0         0      
       shell.obj                      1560    180       0      
       helperFunctions.obj            1156    32        0      
       tm4c123gh6pm_startup_ccs.obj   12      620       0      
       uart0.obj                      388     0         0      
       kernel.obj                     332     0         0      
       assemblyFunctions.obj          148     0         0      
       wait.obj                       36      0         0      
       clock.obj                      16      0         0      
    +--+------------------------------+-------+---------+---------+
       Total:                         10712   832       717    
                                                               
    /Applications/ti/ccs1020/ccs/tools/compiler/ti-cgt-arm_20.2.2.LTS/lib/rtsv7M4_T_le_v4SPD16_eabi.lib
       memcpy_t2.asm.obj              156     0         0      
       copy_decompress_lzss.c.obj     104     0         0      
       autoinit.c.obj                 68      0         0      
       boot_cortex_m.c.obj            52      0         0      
       copy_zero_init.c.obj           28      0         0      
       copy_decompress_none.c.obj     14      0         0      
       exit.c.obj                     4       0         0      
       pre_init.c.obj                 4       0         0      
    +--+------------------------------+-------+---------+---------+
       Total:                         430     0         0      
                                                               
       Stack:                         0       0         4096   
       Linker Generated:              0       53        0      
    +--+------------------------------+-------+---------+---------+
       Grand Total:                   11142   885       4813   


LINKER GENERATED COPY TABLES

__TI_cinit_table @ 00002ef0 records: 2, size/record: 8, table size: 16
	.data: load addr=00002ec8, load size=00000011 bytes, run addr=200012c4, run size=0000000c bytes, compression=lzss
	.bss: load addr=00002ee8, load size=00000008 bytes, run addr=20001000, run size=000002c1 bytes, compression=zero_init


LINKER GENERATED HANDLER TABLE

__TI_handler_table @ 00002edc records: 3, size/record: 4, table size: 12
	index: 0, handler: __TI_decompress_lzss
	index: 1, handler: __TI_decompress_none
	index: 2, handler: __TI_zero_init


GLOBAL SYMBOLS: SORTED ALPHABETICALLY BY Name 

address   name                          
-------   ----                          
00002def  C$$EXIT                       
00002ddf  ResetISR                      
20001000  __STACK_END                   
00001000  __STACK_SIZE                  
20000200  __STACK_TOP                   
00002ef0  __TI_CINIT_Base               
00002f00  __TI_CINIT_Limit              
00002edc  __TI_Handler_Table_Base       
00002ee8  __TI_Handler_Table_Limit      
00002d09  __TI_auto_init_nobinit_nopinit
00002ca1  __TI_decompress_lzss          
00002dd1  __TI_decompress_none          
ffffffff  __TI_pprof_out_hndl           
ffffffff  __TI_prof_data_size           
ffffffff  __TI_prof_data_start          
00000000  __TI_static_base__            
00002da5  __TI_zero_init_nomemset       
00002b71  __aeabi_memcpy                
00002b71  __aeabi_memcpy4               
00002b71  __aeabi_memcpy8               
ffffffff  __binit__                     
ffffffff  __c_args__                    
UNDEFED   __mpu_init                    
20000000  __stack                       
20000000  __start___llvm_prf_cnts       
20000000  __stop___llvm_prf_cnts        
00002d4d  _c_int00_noargs               
UNDEFED   _system_post_cinit            
00002deb  _system_pre_init              
00002def  abort                         
ffffffff  binit                         
00000ef5  busFaultIsr                   
00002a87  clearMPUFaultBit              
00000875  createSemaphore               
00000469  createThread                  
000013df  debounce                      
00000759  destroyThread                 
00001c75  disablePinInterrupt           
000019ad  disablePinPulldown            
00001965  disablePinPullup              
00001701  disablePort                   
00002b21  disableSubRegion              
00002a6f  enableBusFaultIsr             
00002a9f  enableMPU                     
00002a63  enableMPUIsr                  
00001c51  enablePinInterrupt            
00001989  enablePinPulldown             
00001937  enablePinPullup               
00001645  enablePort                    
00002a7b  enableUsageFaultIsr           
00001439  errant                        
000021f9  executeInstruction            
0000124b  flash4Hz                      
00000000  g_pfnVectors                  
00002187  getFieldInteger               
00002155  getFieldString                
00001055  getIpcsData                   
00002a39  getMSP                        
00002a33  getPSP                        
000011e1  getPidof                      
00001cbf  getPinValue                   
00001d75  getPortValue                  
0000241d  getR0FromPSP                  
0000242b  getR1FromPSP                  
00002439  getSVCNumber                  
000029ad  getcUart0                     
00001e05  getsUart0                     
00000ef3  hardFaultIsr                  
200012c8  heap                          
00002567  hexToInt                      
0000122f  idle                          
0000127d  idle2                         
00001465  important                     
00000ef9  initHw                        
0000026d  initRtos                      
00002dc1  initSystemClockTo40Mhz        
000028a1  initUart0                     
000027db  intToString                   
0000107d  ipcs                          
200012ce  ipcsCount                     
000020fb  isAThread                     
00001e99  isAlpha                       
00001ffb  isCommand                     
00001ecb  isNum                         
00002067  isValidCommand                
000029c5  kbhitUart0                    
0000118b  killPid                       
000012a9  lengthyFn                     
000014c9  main                          
00002b71  memcpy                        
00000ef1  mpuFaultIsr                   
00002671  myAtoi                        
0000125f  oneshot                       
00001eed  parseFields                   
00001299  partOfLengthyFn               
000009e9  pendSvIsr                     
00001197  pi                            
000011f5  pidof                         
00002c4f  popR4ToR11FromPsp             
00000923  post                          
000011b3  preempt                       
200012cd  preemptionOn                  
000024eb  printHex                      
0000245b  printTwoBytesHex              
200012c0  priorityIndex                 
200012cc  priorityOn                    
200012b8  priorityStartIndices          
00001223  proc_name                     
00001065  ps                            
00002c91  pushPSP                       
00002c0d  pushR4ToR11ToPsp              
00002961  putcUart0                     
00002981  putsUart0                     
000012ef  readKeys                      
00000fb9  readPbs                       
00001061  reboot                        
000006b9  restartThread                 
000002fd  rtosScheduler                 
000011c1  sched                         
0000186b  selectPinAnalogInput          
0000181d  selectPinDigitalInput         
00001b87  selectPinInterruptBothEdges   
00001b37  selectPinInterruptFallingEdge 
00001bdd  selectPinInterruptHighLevel   
00001c17  selectPinInterruptLowLevel    
00001ae7  selectPinInterruptRisingEdge  
000017cf  selectPinOpenDrainOutput      
00001781  selectPinPushPullOutput       
20001240  semaphores                    
00002a3f  setASPBit                     
00002aab  setBaseRegion                 
00002ac1  setFlashRegion                
00002a25  setPSP                        
000019d5  setPinAuxFunction             
000018bb  setPinCommitControl           
00001c99  setPinValue                   
00001cf1  setPortValue                  
00002ad7  setSRAMRegion                 
00002a51  setTMPLBit                    
00000861  setThreadPriority             
00002935  setUart0BaudRate              
00001489  shell                         
00002373  shellFunction                 
00000909  sleep                         
000008b5  startRtos                     
000025af  stringHexToInteger            
00002745  stringsEqual                  
00000ae5  svCallIsr                     
00000939  systickIsr                    
200012c5  taskCount                     
200012c4  taskCurrent                   
20001000  tcb                           
00002a93  triggerPENDSVIsrCall          
00001429  uncooperative                 
00000ef7  usageFaultIsr                 
00000915  wait                          
00002d81  waitMicrosecond               
00000905  yield                         


GLOBAL SYMBOLS: SORTED BY Symbol Address 

address   name                          
-------   ----                          
00000000  __TI_static_base__            
00000000  g_pfnVectors                  
0000026d  initRtos                      
000002fd  rtosScheduler                 
00000469  createThread                  
000006b9  restartThread                 
00000759  destroyThread                 
00000861  setThreadPriority             
00000875  createSemaphore               
000008b5  startRtos                     
00000905  yield                         
00000909  sleep                         
00000915  wait                          
00000923  post                          
00000939  systickIsr                    
000009e9  pendSvIsr                     
00000ae5  svCallIsr                     
00000ef1  mpuFaultIsr                   
00000ef3  hardFaultIsr                  
00000ef5  busFaultIsr                   
00000ef7  usageFaultIsr                 
00000ef9  initHw                        
00000fb9  readPbs                       
00001000  __STACK_SIZE                  
00001055  getIpcsData                   
00001061  reboot                        
00001065  ps                            
0000107d  ipcs                          
0000118b  killPid                       
00001197  pi                            
000011b3  preempt                       
000011c1  sched                         
000011e1  getPidof                      
000011f5  pidof                         
00001223  proc_name                     
0000122f  idle                          
0000124b  flash4Hz                      
0000125f  oneshot                       
0000127d  idle2                         
00001299  partOfLengthyFn               
000012a9  lengthyFn                     
000012ef  readKeys                      
000013df  debounce                      
00001429  uncooperative                 
00001439  errant                        
00001465  important                     
00001489  shell                         
000014c9  main                          
00001645  enablePort                    
00001701  disablePort                   
00001781  selectPinPushPullOutput       
000017cf  selectPinOpenDrainOutput      
0000181d  selectPinDigitalInput         
0000186b  selectPinAnalogInput          
000018bb  setPinCommitControl           
00001937  enablePinPullup               
00001965  disablePinPullup              
00001989  enablePinPulldown             
000019ad  disablePinPulldown            
000019d5  setPinAuxFunction             
00001ae7  selectPinInterruptRisingEdge  
00001b37  selectPinInterruptFallingEdge 
00001b87  selectPinInterruptBothEdges   
00001bdd  selectPinInterruptHighLevel   
00001c17  selectPinInterruptLowLevel    
00001c51  enablePinInterrupt            
00001c75  disablePinInterrupt           
00001c99  setPinValue                   
00001cbf  getPinValue                   
00001cf1  setPortValue                  
00001d75  getPortValue                  
00001e05  getsUart0                     
00001e99  isAlpha                       
00001ecb  isNum                         
00001eed  parseFields                   
00001ffb  isCommand                     
00002067  isValidCommand                
000020fb  isAThread                     
00002155  getFieldString                
00002187  getFieldInteger               
000021f9  executeInstruction            
00002373  shellFunction                 
0000241d  getR0FromPSP                  
0000242b  getR1FromPSP                  
00002439  getSVCNumber                  
0000245b  printTwoBytesHex              
000024eb  printHex                      
00002567  hexToInt                      
000025af  stringHexToInteger            
00002671  myAtoi                        
00002745  stringsEqual                  
000027db  intToString                   
000028a1  initUart0                     
00002935  setUart0BaudRate              
00002961  putcUart0                     
00002981  putsUart0                     
000029ad  getcUart0                     
000029c5  kbhitUart0                    
00002a25  setPSP                        
00002a33  getPSP                        
00002a39  getMSP                        
00002a3f  setASPBit                     
00002a51  setTMPLBit                    
00002a63  enableMPUIsr                  
00002a6f  enableBusFaultIsr             
00002a7b  enableUsageFaultIsr           
00002a87  clearMPUFaultBit              
00002a93  triggerPENDSVIsrCall          
00002a9f  enableMPU                     
00002aab  setBaseRegion                 
00002ac1  setFlashRegion                
00002ad7  setSRAMRegion                 
00002b21  disableSubRegion              
00002b71  __aeabi_memcpy                
00002b71  __aeabi_memcpy4               
00002b71  __aeabi_memcpy8               
00002b71  memcpy                        
00002c0d  pushR4ToR11ToPsp              
00002c4f  popR4ToR11FromPsp             
00002c91  pushPSP                       
00002ca1  __TI_decompress_lzss          
00002d09  __TI_auto_init_nobinit_nopinit
00002d4d  _c_int00_noargs               
00002d81  waitMicrosecond               
00002da5  __TI_zero_init_nomemset       
00002dc1  initSystemClockTo40Mhz        
00002dd1  __TI_decompress_none          
00002ddf  ResetISR                      
00002deb  _system_pre_init              
00002def  C$$EXIT                       
00002def  abort                         
00002edc  __TI_Handler_Table_Base       
00002ee8  __TI_Handler_Table_Limit      
00002ef0  __TI_CINIT_Base               
00002f00  __TI_CINIT_Limit              
20000000  __stack                       
20000000  __start___llvm_prf_cnts       
20000000  __stop___llvm_prf_cnts        
20000200  __STACK_TOP                   
20001000  __STACK_END                   
20001000  tcb                           
20001240  semaphores                    
200012b8  priorityStartIndices          
200012c0  priorityIndex                 
200012c4  taskCurrent                   
200012c5  taskCount                     
200012c8  heap                          
200012cc  priorityOn                    
200012cd  preemptionOn                  
200012ce  ipcsCount                     
ffffffff  __TI_pprof_out_hndl           
ffffffff  __TI_prof_data_size           
ffffffff  __TI_prof_data_start          
ffffffff  __binit__                     
ffffffff  __c_args__                    
ffffffff  binit                         
UNDEFED   __mpu_init                    
UNDEFED   _system_post_cinit            

[158 symbols]
