******************************************************************************
                  TI ARM Linker Unix v20.2.2                   
******************************************************************************
>> Linked Sun Nov 28 20:34:11 2021

OUTPUT FILE NAME:   <CSE4354Project.out>
ENTRY POINT SYMBOL: "_c_int00_noargs"  address: 00003779


MEMORY CONFIGURATION

         name            origin    length      used     unused   attr    fill
----------------------  --------  ---------  --------  --------  ----  --------
  FLASH                 00000000   00040000  00003942  0003c6be  R  X
  SRAM                  20000000   00001400  00001335  000000cb  RW X


SEGMENT ALLOCATION MAP

run origin  load origin   length   init length attrs members
----------  ----------- ---------- ----------- ----- -------
00000000    00000000    00003948   00003948    r-x
  00000000    00000000    0000026c   0000026c    r-- .intvecs
  0000026c    0000026c    000035b2   000035b2    r-x .text
  0000381e    0000381e    000000e4   000000e4    r-- .const
  00003908    00003908    00000040   00000040    r-- .cinit
20000000    20000000    00001338   00000000    rw-
  20000000    20000000    00001000   00000000    rw- .stack
  20001000    20001000    00000321   00000000    rw- .bss
  20001324    20001324    00000014   00000000    rw- .data


SECTION ALLOCATION MAP

 output                                  attributes/
section   page    origin      length       input sections
--------  ----  ----------  ----------   ----------------
.intvecs   0    00000000    0000026c     
                  00000000    0000026c     tm4c123gh6pm_startup_ccs.obj (.intvecs)

.text      0    0000026c    000035b2     
                  0000026c    00001b80     rtos.obj (.text)
                  00001dec    000007c0     gpio.obj (.text)
                  000025ac    000006a8     helperFunctions.obj (.text)
                  00002c54    000005dc     shell.obj (.text)
                  00003230    000001ec     kernel.obj (.text)
                  0000341c    00000180     uart0.obj (.text)
                  0000359c    0000009c     rtsv7M4_T_le_v4SPD16_eabi.lib : memcpy_t2.asm.obj (.text)
                  00003638    00000094     assemblyFunctions.obj (.text)
                  000036cc    00000068     rtsv7M4_T_le_v4SPD16_eabi.lib : copy_decompress_lzss.c.obj (.text:decompress:lzss:__TI_decompress_lzss)
                  00003734    00000044                                   : autoinit.c.obj (.text:__TI_auto_init_nobinit_nopinit:__TI_auto_init_nobinit_nopinit)
                  00003778    00000034                                   : boot_cortex_m.c.obj (.text:_c_int00_noargs:_c_int00_noargs)
                  000037ac    00000024     wait.obj (.text)
                  000037d0    0000001c     rtsv7M4_T_le_v4SPD16_eabi.lib : copy_zero_init.c.obj (.text:decompress:ZI:__TI_zero_init_nomemset:__TI_zero_init_nomemset)
                  000037ec    00000010     clock.obj (.text)
                  000037fc    0000000e     rtsv7M4_T_le_v4SPD16_eabi.lib : copy_decompress_none.c.obj (.text:decompress:none:__TI_decompress_none)
                  0000380a    0000000c     tm4c123gh6pm_startup_ccs.obj (.text)
                  00003816    00000004     rtsv7M4_T_le_v4SPD16_eabi.lib : pre_init.c.obj (.text:_system_pre_init)
                  0000381a    00000004                                   : exit.c.obj (.text:abort:abort)

.const     0    0000381e    000000e4     
                  0000381e    00000064     shell.obj (.const:$P$T1$2)
                  00003882    00000050     shell.obj (.const:$P$T0$1)
                  000038d2    00000010     helperFunctions.obj (.const:.string:$P$T0$1)
                  000038e2    00000010     helperFunctions.obj (.const:.string:$P$T1$2)
                  000038f2    00000010     helperFunctions.obj (.const:.string:$P$T2$3)

.cinit     0    00003908    00000040     
                  00003908    00000015     (.cinit..data.load) [load image, compression = lzss]
                  0000391d    00000003     --HOLE-- [fill = 0]
                  00003920    0000000c     (__TI_handler_table)
                  0000392c    00000004     --HOLE-- [fill = 0]
                  00003930    00000008     (.cinit..bss.load) [load image, compression = zero_init]
                  00003938    00000010     (__TI_cinit_table)

.init_array 
*          0    00000000    00000000     UNINITIALIZED

.bss       0    20001000    00000321     UNINITIALIZED
                  20001000    00000270     (.common:tcb)
                  20001270    00000078     (.common:semaphores)
                  200012e8    00000030     (.common:processTimes)
                  20001318    00000008     (.common:priorityStartIndices)
                  20001320    00000001     (.common:priorityIndex)

.data      0    20001324    00000014     UNINITIALIZED
                  20001324    00000014     rtos.obj (.data)

.stack     0    20000000    00001000     UNINITIALIZED
                  20000000    00000004     rtsv7M4_T_le_v4SPD16_eabi.lib : boot_cortex_m.c.obj (.stack)
                  20000004    00000ffc     --HOLE--

__llvm_prf_cnts 
*          0    20000000    00000000     UNINITIALIZED

MODULE SUMMARY

       Module                         code    ro data   rw data
       ------                         ----    -------   -------
    ./
       rtos.obj                       7040    0         821    
       gpio.obj                       1984    0         0      
       helperFunctions.obj            1704    48        0      
       shell.obj                      1500    180       0      
       tm4c123gh6pm_startup_ccs.obj   12      620       0      
       kernel.obj                     492     0         0      
       uart0.obj                      384     0         0      
       assemblyFunctions.obj          148     0         0      
       wait.obj                       36      0         0      
       clock.obj                      16      0         0      
    +--+------------------------------+-------+---------+---------+
       Total:                         13316   848       821    
                                                               
    /Applications/ti/ccs1020/ccs/tools/compiler/ti-cgt-arm_20.2.2.LTS/lib/rtsv7M4_T_le_v4SPD16_eabi.lib
       memcpy_t2.asm.obj              156     0         0      
       copy_decompress_lzss.c.obj     104     0         0      
       autoinit.c.obj                 68      0         0      
       boot_cortex_m.c.obj            52      0         0      
       copy_zero_init.c.obj           28      0         0      
       copy_decompress_none.c.obj     14      0         0      
       exit.c.obj                     4       0         0      
       pre_init.c.obj                 4       0         0      
    +--+------------------------------+-------+---------+---------+
       Total:                         430     0         0      
                                                               
       Stack:                         0       0         4096   
       Linker Generated:              0       57        0      
    +--+------------------------------+-------+---------+---------+
       Grand Total:                   13746   905       4917   


LINKER GENERATED COPY TABLES

__TI_cinit_table @ 00003938 records: 2, size/record: 8, table size: 16
	.data: load addr=00003908, load size=00000015 bytes, run addr=20001324, run size=00000014 bytes, compression=lzss
	.bss: load addr=00003930, load size=00000008 bytes, run addr=20001000, run size=00000321 bytes, compression=zero_init


LINKER GENERATED HANDLER TABLE

__TI_handler_table @ 00003920 records: 3, size/record: 4, table size: 12
	index: 0, handler: __TI_decompress_lzss
	index: 1, handler: __TI_decompress_none
	index: 2, handler: __TI_zero_init


GLOBAL SYMBOLS: SORTED ALPHABETICALLY BY Name 

address   name                          
-------   ----                          
0000381b  C$$EXIT                       
0000380b  ResetISR                      
20001000  __STACK_END                   
00001000  __STACK_SIZE                  
20000200  __STACK_TOP                   
00003938  __TI_CINIT_Base               
00003948  __TI_CINIT_Limit              
00003920  __TI_Handler_Table_Base       
0000392c  __TI_Handler_Table_Limit      
00003735  __TI_auto_init_nobinit_nopinit
000036cd  __TI_decompress_lzss          
000037fd  __TI_decompress_none          
ffffffff  __TI_pprof_out_hndl           
ffffffff  __TI_prof_data_size           
ffffffff  __TI_prof_data_start          
00000000  __TI_static_base__            
000037d1  __TI_zero_init_nomemset       
0000359d  __aeabi_memcpy                
0000359d  __aeabi_memcpy4               
0000359d  __aeabi_memcpy8               
ffffffff  __binit__                     
ffffffff  __c_args__                    
UNDEFED   __mpu_init                    
20000000  __stack                       
20000000  __start___llvm_prf_cnts       
20000000  __stop___llvm_prf_cnts        
00003779  _c_int00_noargs               
UNDEFED   _system_post_cinit            
00003817  _system_pre_init              
0000381b  abort                         
ffffffff  binit                         
00001391  busFaultIsr                   
00003293  clearMPUFaultBit              
000008b7  createSemaphore               
00000491  createThread                  
00001aff  debounce                      
000007a5  destroyThread                 
0000241d  disablePinInterrupt           
00002155  disablePinPulldown            
0000210d  disablePinPullup              
00001ea9  disablePort                   
000033b5  disableSubRegion              
0000327b  enableBusFaultIsr             
000032ab  enableMPU                     
0000326f  enableMPUIsr                  
000023f9  enablePinInterrupt            
00002131  enablePinPulldown             
000020df  enablePinPullup               
00001ded  enablePort                    
00003287  enableUsageFaultIsr           
00001b55  errant                        
00003045  executeInstruction            
00001935  flash4Hz                      
00000000  g_pfnVectors                  
00002fd7  getFieldInteger               
00002fa5  getFieldString                
00001525  getIpcsData                   
00003245  getMSP                        
0000323f  getPSP                        
000018d1  getPidof                      
00002467  getPinValue                   
0000251d  getPortValue                  
00001533  getPsData                     
000025ad  getR0FromPSP                  
000025bb  getR1FromPSP                  
00003315  getRegionAddress              
000025c9  getSVCNumber                  
00002c3d  getTime                       
00003525  getcUart0                     
00002c55  getsUart0                     
00001327  hardFaultIsr                  
20001328  heap                          
000027e1  hexToInt                      
00001919  idle                          
00001967  idle2                         
00001b73  important                     
000013a9  initHw                        
0000026d  initRtos                      
000037ed  initSystemClockTo40Mhz        
000014f7  initTimer1                    
0000341d  initUart0                     
00002b65  intToString                   
00001781  ipcs                          
00002f4b  isAThread                     
00002ce9  isAlpha                       
00002e4b  isCommand                     
00002d1b  isNum                         
00002eb7  isValidCommand                
0000353d  kbhitUart0                    
000018a9  killPid                       
000019c7  lengthyFn                     
00001bc9  main                          
0000359d  memcpy                        
000011e1  mpuFaultIsr                   
00002921  myAtoi                        
00001949  oneshot                       
00002d3d  parseFields                   
00001983  partOfLengthyFn               
00000ac9  pendSvIsr                     
000018df  pidof                         
0000367b  popR4ToR11FromPsp             
00000983  post                          
000018b5  preempt                       
2000132d  preemptionOn                  
00002647  printByteHex                  
00002765  printHex                      
00002a8b  printNumberPercentage         
000025eb  printState                    
000026d5  printTwoBytesHex              
20001320  priorityIndex                 
2000132c  priorityOn                    
20001318  priorityStartIndices          
0000190d  proc_name                     
200012e8  processTimes                  
00001665  ps                            
000036bd  pushPSP                       
00003639  pushR4ToR11ToPsp              
000034dd  putcUart0                     
000034f9  putsUart0                     
00002c21  reStartTimer1                 
00001a1d  readKeys                      
00001471  readPbs                       
00001541  reboot                        
000006fd  restartThread                 
00000321  rtosScheduler                 
000018c3  sched                         
00002013  selectPinAnalogInput          
00001fc5  selectPinDigitalInput         
0000232f  selectPinInterruptBothEdges   
000022df  selectPinInterruptFallingEdge 
00002385  selectPinInterruptHighLevel   
000023bf  selectPinInterruptLowLevel    
0000228f  selectPinInterruptRisingEdge  
00001f77  selectPinOpenDrainOutput      
00001f29  selectPinPushPullOutput       
20001270  semaphores                    
0000324b  setASPBit                     
000032b7  setBaseRegion                 
000032cd  setFlashRegion                
00003231  setPSP                        
0000217d  setPinAuxFunction             
00002063  setPinCommitControl           
00002441  setPinValue                   
00002499  setPortValue                  
000032e3  setSRAMRegion                 
00003361  setSrd                        
0000325d  setTMPLBit                    
000008a9  setThreadPriority             
000034b1  setUart0BaudRate              
00001b97  shell                         
00003189  shellFunction                 
00000969  sleep                         
000008f9  startRtos                     
00002829  stringHexToInteger            
000029f5  stringsEqual                  
00000c4d  svCallIsr                     
000009b9  systickIsr                    
20001325  taskCount                     
20001324  taskCurrent                   
20001000  tcb                           
20001330  totalProcessTime              
0000329f  triggerPENDSVIsrCall          
00001b41  uncooperative                 
0000139b  usageFaultIsr                 
00000975  wait                          
000037ad  waitMicrosecond               
00000965  yield                         


GLOBAL SYMBOLS: SORTED BY Symbol Address 

address   name                          
-------   ----                          
00000000  __TI_static_base__            
00000000  g_pfnVectors                  
0000026d  initRtos                      
00000321  rtosScheduler                 
00000491  createThread                  
000006fd  restartThread                 
000007a5  destroyThread                 
000008a9  setThreadPriority             
000008b7  createSemaphore               
000008f9  startRtos                     
00000965  yield                         
00000969  sleep                         
00000975  wait                          
00000983  post                          
000009b9  systickIsr                    
00000ac9  pendSvIsr                     
00000c4d  svCallIsr                     
00001000  __STACK_SIZE                  
000011e1  mpuFaultIsr                   
00001327  hardFaultIsr                  
00001391  busFaultIsr                   
0000139b  usageFaultIsr                 
000013a9  initHw                        
00001471  readPbs                       
000014f7  initTimer1                    
00001525  getIpcsData                   
00001533  getPsData                     
00001541  reboot                        
00001665  ps                            
00001781  ipcs                          
000018a9  killPid                       
000018b5  preempt                       
000018c3  sched                         
000018d1  getPidof                      
000018df  pidof                         
0000190d  proc_name                     
00001919  idle                          
00001935  flash4Hz                      
00001949  oneshot                       
00001967  idle2                         
00001983  partOfLengthyFn               
000019c7  lengthyFn                     
00001a1d  readKeys                      
00001aff  debounce                      
00001b41  uncooperative                 
00001b55  errant                        
00001b73  important                     
00001b97  shell                         
00001bc9  main                          
00001ded  enablePort                    
00001ea9  disablePort                   
00001f29  selectPinPushPullOutput       
00001f77  selectPinOpenDrainOutput      
00001fc5  selectPinDigitalInput         
00002013  selectPinAnalogInput          
00002063  setPinCommitControl           
000020df  enablePinPullup               
0000210d  disablePinPullup              
00002131  enablePinPulldown             
00002155  disablePinPulldown            
0000217d  setPinAuxFunction             
0000228f  selectPinInterruptRisingEdge  
000022df  selectPinInterruptFallingEdge 
0000232f  selectPinInterruptBothEdges   
00002385  selectPinInterruptHighLevel   
000023bf  selectPinInterruptLowLevel    
000023f9  enablePinInterrupt            
0000241d  disablePinInterrupt           
00002441  setPinValue                   
00002467  getPinValue                   
00002499  setPortValue                  
0000251d  getPortValue                  
000025ad  getR0FromPSP                  
000025bb  getR1FromPSP                  
000025c9  getSVCNumber                  
000025eb  printState                    
00002647  printByteHex                  
000026d5  printTwoBytesHex              
00002765  printHex                      
000027e1  hexToInt                      
00002829  stringHexToInteger            
00002921  myAtoi                        
000029f5  stringsEqual                  
00002a8b  printNumberPercentage         
00002b65  intToString                   
00002c21  reStartTimer1                 
00002c3d  getTime                       
00002c55  getsUart0                     
00002ce9  isAlpha                       
00002d1b  isNum                         
00002d3d  parseFields                   
00002e4b  isCommand                     
00002eb7  isValidCommand                
00002f4b  isAThread                     
00002fa5  getFieldString                
00002fd7  getFieldInteger               
00003045  executeInstruction            
00003189  shellFunction                 
00003231  setPSP                        
0000323f  getPSP                        
00003245  getMSP                        
0000324b  setASPBit                     
0000325d  setTMPLBit                    
0000326f  enableMPUIsr                  
0000327b  enableBusFaultIsr             
00003287  enableUsageFaultIsr           
00003293  clearMPUFaultBit              
0000329f  triggerPENDSVIsrCall          
000032ab  enableMPU                     
000032b7  setBaseRegion                 
000032cd  setFlashRegion                
000032e3  setSRAMRegion                 
00003315  getRegionAddress              
00003361  setSrd                        
000033b5  disableSubRegion              
0000341d  initUart0                     
000034b1  setUart0BaudRate              
000034dd  putcUart0                     
000034f9  putsUart0                     
00003525  getcUart0                     
0000353d  kbhitUart0                    
0000359d  __aeabi_memcpy                
0000359d  __aeabi_memcpy4               
0000359d  __aeabi_memcpy8               
0000359d  memcpy                        
00003639  pushR4ToR11ToPsp              
0000367b  popR4ToR11FromPsp             
000036bd  pushPSP                       
000036cd  __TI_decompress_lzss          
00003735  __TI_auto_init_nobinit_nopinit
00003779  _c_int00_noargs               
000037ad  waitMicrosecond               
000037d1  __TI_zero_init_nomemset       
000037ed  initSystemClockTo40Mhz        
000037fd  __TI_decompress_none          
0000380b  ResetISR                      
00003817  _system_pre_init              
0000381b  C$$EXIT                       
0000381b  abort                         
00003920  __TI_Handler_Table_Base       
0000392c  __TI_Handler_Table_Limit      
00003938  __TI_CINIT_Base               
00003948  __TI_CINIT_Limit              
20000000  __stack                       
20000000  __start___llvm_prf_cnts       
20000000  __stop___llvm_prf_cnts        
20000200  __STACK_TOP                   
20001000  __STACK_END                   
20001000  tcb                           
20001270  semaphores                    
200012e8  processTimes                  
20001318  priorityStartIndices          
20001320  priorityIndex                 
20001324  taskCurrent                   
20001325  taskCount                     
20001328  heap                          
2000132c  priorityOn                    
2000132d  preemptionOn                  
20001330  totalProcessTime              
ffffffff  __TI_pprof_out_hndl           
ffffffff  __TI_prof_data_size           
ffffffff  __TI_prof_data_start          
ffffffff  __binit__                     
ffffffff  __c_args__                    
ffffffff  binit                         
UNDEFED   __mpu_init                    
UNDEFED   _system_post_cinit            

[167 symbols]
